To honour the JVM settings for this build a single-use Daemon process will be forked. For more on this, please refer to https://docs.gradle.org/8.13/userguide/gradle_daemon.html#sec:disabling_the_daemon in the Gradle documentation.
Daemon JVM discovery is an incubating feature.
Daemon will be stopped at the end of the build 
Configuration on demand is an incubating feature.

> Configure project :app
./gradlew : e: file:///C:/U
sers/ravip/AndroidStudioPro
jects/PoliceLeaveManager/ap
p/build.gradle.kts:46:33: 
Unresolved reference. None 
of the following 
candidates is applicable 
because of receiver type 
mismatch: 
At line:1 char:1
+ ./gradlew assembleDebug 
--no-daemon > 
build_output.txt 2>&1
+ ~~~~~~~~~~~~~~~~~~~~~~~~~
~~~~~~~~~~~~~~~~~~~~~~~~~~~
~~~~~~~
    + CategoryInfo         
     : NotSpecified: (e:   
  file:///C:/U...type mi   
 smatch: :String) [], R    
emoteException
    + FullyQualifiedErrorI 
   d : NativeCommandError
 
public inline operator fun 
BigDecimal.minus(other: 
BigDecimal): BigDecimal 
defined in kotlin
public inline operator fun 
BigInteger.minus(other: 
BigInteger): BigInteger 
defined in kotlin
public operator fun <T> Ite
rable<TypeVariable(T)>.minu
s(element: 
TypeVariable(T)): 
List<TypeVariable(T)> 
defined in 
kotlin.collections
public operator fun <T> Ite
rable<TypeVariable(T)>.minu
s(elements: Array<out 
TypeVariable(T)>): 
List<TypeVariable(T)> 
defined in 
kotlin.collections
public operator fun <T> Ite
rable<TypeVariable(T)>.minu
s(elements: Iterable<TypeVa
riable(T)>): 
List<TypeVariable(T)> 
defined in 
kotlin.collections
public operator fun <T> Ite
rable<TypeVariable(T)>.minu
s(elements: Sequence<TypeVa
riable(T)>): 
List<TypeVariable(T)> 
defined in 
kotlin.collections
public operator fun <K, V> 
Map<out TypeVariable(K), Ty
peVariable(V)>.minus(key: 
TypeVariable(K)): 
Map<TypeVariable(K), 
TypeVariable(V)> defined 
in kotlin.collections
public operator fun <K, V> 
Map<out TypeVariable(K), Ty
peVariable(V)>.minus(keys: 
Array<out 
TypeVariable(K)>): 
Map<TypeVariable(K), 
TypeVariable(V)> defined 
in kotlin.collections
public operator fun <K, V> 
Map<out TypeVariable(K), Ty
peVariable(V)>.minus(keys: 
Iterable<TypeVariable(K)>):
 Map<TypeVariable(K), 
TypeVariable(V)> defined 
in kotlin.collections
public operator fun <K, V> 
Map<out TypeVariable(K), Ty
peVariable(V)>.minus(keys: 
Sequence<TypeVariable(K)>):
 Map<TypeVariable(K), 
TypeVariable(V)> defined 
in kotlin.collections
public operator fun <T> Set
<TypeVariable(T)>.minus(ele
ment: TypeVariable(T)): 
Set<TypeVariable(T)> 
defined in 
kotlin.collections
public operator fun <T> Set
<TypeVariable(T)>.minus(ele
ments: Array<out 
TypeVariable(T)>): 
Set<TypeVariable(T)> 
defined in 
kotlin.collections
public operator fun <T> Set
<TypeVariable(T)>.minus(ele
ments: Iterable<TypeVariabl
e(T)>): 
Set<TypeVariable(T)> 
defined in 
kotlin.collections
public operator fun <T> Set
<TypeVariable(T)>.minus(ele
ments: Sequence<TypeVariabl
e(T)>): 
Set<TypeVariable(T)> 
defined in 
kotlin.collections
public operator fun <T> Seq
uence<TypeVariable(T)>.minu
s(element: 
TypeVariable(T)): 
Sequence<TypeVariable(T)> 
defined in kotlin.sequences
public operator fun <T> Seq
uence<TypeVariable(T)>.minu
s(elements: Array<out 
TypeVariable(T)>): 
Sequence<TypeVariable(T)> 
defined in kotlin.sequences
public operator fun <T> Seq
uence<TypeVariable(T)>.minu
s(elements: Iterable<TypeVa
riable(T)>): 
Sequence<TypeVariable(T)> 
defined in kotlin.sequences
public operator fun <T> Seq
uence<TypeVariable(T)>.minu
s(elements: Sequence<TypeVa
riable(T)>): 
Sequence<TypeVariable(T)> 
defined in kotlin.sequences
e: file:///C:/Users/ravip/A
ndroidStudioProjects/Police
LeaveManager/app/build.grad
le.kts:46:34: Unresolved 
reference: compose
e: file:///C:/Users/ravip/A
ndroidStudioProjects/Police
LeaveManager/app/build.grad
le.kts:49:41: Unresolved 
reference. None of the 
following candidates is 
applicable because of 
receiver type mismatch: 
public inline operator fun 
BigDecimal.minus(other: 
BigDecimal): BigDecimal 
defined in kotlin
public inline operator fun 
BigInteger.minus(other: 
BigInteger): BigInteger 
defined in kotlin
public operator fun <T> Ite
rable<TypeVariable(T)>.minu
s(element: 
TypeVariable(T)): 
List<TypeVariable(T)> 
defined in 
kotlin.collections
public operator fun <T> Ite
rable<TypeVariable(T)>.minu
s(elements: Array<out 
TypeVariable(T)>): 
List<TypeVariable(T)> 
defined in 
kotlin.collections
public operator fun <T> Ite
rable<TypeVariable(T)>.minu
s(elements: Iterable<TypeVa
riable(T)>): 
List<TypeVariable(T)> 
defined in 
kotlin.collections
public operator fun <T> Ite
rable<TypeVariable(T)>.minu
s(elements: Sequence<TypeVa
riable(T)>): 
List<TypeVariable(T)> 
defined in 
kotlin.collections
public operator fun <K, V> 
Map<out TypeVariable(K), Ty
peVariable(V)>.minus(key: 
TypeVariable(K)): 
Map<TypeVariable(K), 
TypeVariable(V)> defined 
in kotlin.collections
public operator fun <K, V> 
Map<out TypeVariable(K), Ty
peVariable(V)>.minus(keys: 
Array<out 
TypeVariable(K)>): 
Map<TypeVariable(K), 
TypeVariable(V)> defined 
in kotlin.collections
public operator fun <K, V> 
Map<out TypeVariable(K), Ty
peVariable(V)>.minus(keys: 
Iterable<TypeVariable(K)>):
 Map<TypeVariable(K), 
TypeVariable(V)> defined 
in kotlin.collections
public operator fun <K, V> 
Map<out TypeVariable(K), Ty
peVariable(V)>.minus(keys: 
Sequence<TypeVariable(K)>):
 Map<TypeVariable(K), 
TypeVariable(V)> defined 
in kotlin.collections
public operator fun <T> Set
<TypeVariable(T)>.minus(ele
ment: TypeVariable(T)): 
Set<TypeVariable(T)> 
defined in 
kotlin.collections
public operator fun <T> Set
<TypeVariable(T)>.minus(ele
ments: Array<out 
TypeVariable(T)>): 
Set<TypeVariable(T)> 
defined in 
kotlin.collections
public operator fun <T> Set
<TypeVariable(T)>.minus(ele
ments: Iterable<TypeVariabl
e(T)>): 
Set<TypeVariable(T)> 
defined in 
kotlin.collections
public operator fun <T> Set
<TypeVariable(T)>.minus(ele
ments: Sequence<TypeVariabl
e(T)>): 
Set<TypeVariable(T)> 
defined in 
kotlin.collections
public operator fun <T> Seq
uence<TypeVariable(T)>.minu
s(element: 
TypeVariable(T)): 
Sequence<TypeVariable(T)> 
defined in kotlin.sequences
public operator fun <T> Seq
uence<TypeVariable(T)>.minu
s(elements: Array<out 
TypeVariable(T)>): 
Sequence<TypeVariable(T)> 
defined in kotlin.sequences
public operator fun <T> Seq
uence<TypeVariable(T)>.minu
s(elements: Iterable<TypeVa
riable(T)>): 
Sequence<TypeVariable(T)> 
defined in kotlin.sequences
public operator fun <T> Seq
uence<TypeVariable(T)>.minu
s(elements: Sequence<TypeVa
riable(T)>): 
Sequence<TypeVariable(T)> 
defined in kotlin.sequences
e: file:///C:/Users/ravip/A
ndroidStudioProjects/Police
LeaveManager/app/build.grad
le.kts:49:42: Unresolved 
reference: bom
e: file:///C:/Users/ravip/A
ndroidStudioProjects/Police
LeaveManager/app/build.grad
le.kts:69:25: Unresolved 
reference: google
e: file:///C:/Users/ravip/A
ndroidStudioProjects/Police
LeaveManager/app/build.grad
le.kts:70:25: Unresolved 
reference: google
e: file:///C:/Users/ravip/A
ndroidStudioProjects/Police
LeaveManager/app/build.grad
le.kts:71:25: Unresolved 
reference: google
e: file:///C:/Users/ravip/A
ndroidStudioProjects/Police
LeaveManager/app/build.grad
le.kts:74:25: Unresolved 
reference: poi
e: file:///C:/Users/ravip/A
ndroidStudioProjects/Police
LeaveManager/app/build.grad
le.kts:77:25: Unresolved 
reference: kotlinx

FAILURE: Build failed with 
an exception.

* Where:
Build file 'C:\Users\ravip\
AndroidStudioProjects\Polic
eLeaveManager\app\build.gra
dle.kts' line: 46

* What went wrong:
Script compilation errors:

  Line 46:     implementati
on(libs.activity-compose)
                           
                ^ 
Unresolved reference. None 
of the following 
candidates is applicable 
because of receiver type 
mismatch: 
                           
                    public 
inline operator fun 
BigDecimal.minus(other: 
BigDecimal): BigDecimal 
defined in kotlin
                           
                    public 
inline operator fun 
BigInteger.minus(other: 
BigInteger): BigInteger 
defined in kotlin
                           
                    public 
operator fun <T> Iterable<T
ypeVariable(T)>.minus(eleme
nt: TypeVariable(T)): 
List<TypeVariable(T)> 
defined in 
kotlin.collections
                           
                    public 
operator fun <T> Iterable<T
ypeVariable(T)>.minus(eleme
nts: Array<out 
TypeVariable(T)>): 
List<TypeVariable(T)> 
defined in 
kotlin.collections
                           
                    public 
operator fun <T> Iterable<T
ypeVariable(T)>.minus(eleme
nts: Iterable<TypeVariable(
T)>): 
List<TypeVariable(T)> 
defined in 
kotlin.collections
                           
                    public 
operator fun <T> Iterable<T
ypeVariable(T)>.minus(eleme
nts: Sequence<TypeVariable(
T)>): 
List<TypeVariable(T)> 
defined in 
kotlin.collections
                           
                    public 
operator fun <K, V> 
Map<out TypeVariable(K), Ty
peVariable(V)>.minus(key: 
TypeVariable(K)): 
Map<TypeVariable(K), 
TypeVariable(V)> defined 
in kotlin.collections
                           
                    public 
operator fun <K, V> 
Map<out TypeVariable(K), Ty
peVariable(V)>.minus(keys: 
Array<out 
TypeVariable(K)>): 
Map<TypeVariable(K), 
TypeVariable(V)> defined 
in kotlin.collections
                           
                    public 
operator fun <K, V> 
Map<out TypeVariable(K), Ty
peVariable(V)>.minus(keys: 
Iterable<TypeVariable(K)>):
 Map<TypeVariable(K), 
TypeVariable(V)> defined 
in kotlin.collections
                           
                    public 
operator fun <K, V> 
Map<out TypeVariable(K), Ty
peVariable(V)>.minus(keys: 
Sequence<TypeVariable(K)>):
 Map<TypeVariable(K), 
TypeVariable(V)> defined 
in kotlin.collections
                           
                    public 
operator fun <T> Set<TypeVa
riable(T)>.minus(element: 
TypeVariable(T)): 
Set<TypeVariable(T)> 
defined in 
kotlin.collections
                           
                    public 
operator fun <T> Set<TypeVa
riable(T)>.minus(elements: 
Array<out 
TypeVariable(T)>): 
Set<TypeVariable(T)> 
defined in 
kotlin.collections
                           
                    public 
operator fun <T> Set<TypeVa
riable(T)>.minus(elements: 
Iterable<TypeVariable(T)>):
 Set<TypeVariable(T)> 
defined in 
kotlin.collections
                           
                    public 
operator fun <T> Set<TypeVa
riable(T)>.minus(elements: 
Sequence<TypeVariable(T)>):
 Set<TypeVariable(T)> 
defined in 
kotlin.collections
                           
                    public 
operator fun <T> Sequence<T
ypeVariable(T)>.minus(eleme
nt: TypeVariable(T)): 
Sequence<TypeVariable(T)> 
defined in kotlin.sequences
                           
                    public 
operator fun <T> Sequence<T
ypeVariable(T)>.minus(eleme
nts: Array<out 
TypeVariable(T)>): 
Sequence<TypeVariable(T)> 
defined in kotlin.sequences
                           
                    public 
operator fun <T> Sequence<T
ypeVariable(T)>.minus(eleme
nts: Iterable<TypeVariable(
T)>): 
Sequence<TypeVariable(T)> 
defined in kotlin.sequences
                           
                    public 
operator fun <T> Sequence<T
ypeVariable(T)>.minus(eleme
nts: Sequence<TypeVariable(
T)>): 
Sequence<TypeVariable(T)> 
defined in kotlin.sequences

  Line 46:     implementati
on(libs.activity-compose)
                           
                 ^ 
Unresolved reference: 
compose

  Line 49:     implementati
on(platform(libs.compose-bo
m))
                           
                        ^ 
Unresolved reference. None 
of the following 
candidates is applicable 
because of receiver type 
mismatch: 
                           
                           
 public inline operator 
fun 
BigDecimal.minus(other: 
BigDecimal): BigDecimal 
defined in kotlin
                           
                           
 public inline operator 
fun 
BigInteger.minus(other: 
BigInteger): BigInteger 
defined in kotlin
                           
                           
 public operator fun <T> It
erable<TypeVariable(T)>.min
us(element: 
TypeVariable(T)): 
List<TypeVariable(T)> 
defined in 
kotlin.collections
                           
                           
 public operator fun <T> It
erable<TypeVariable(T)>.min
us(elements: Array<out 
TypeVariable(T)>): 
List<TypeVariable(T)> 
defined in 
kotlin.collections
                           
                           
 public operator fun <T> It
erable<TypeVariable(T)>.min
us(elements: Iterable<TypeV
ariable(T)>): 
List<TypeVariable(T)> 
defined in 
kotlin.collections
                           
                           
 public operator fun <T> It
erable<TypeVariable(T)>.min
us(elements: Sequence<TypeV
ariable(T)>): 
List<TypeVariable(T)> 
defined in 
kotlin.collections
                           
                           
 public operator fun <K, 
V> Map<out 
TypeVariable(K), TypeVariab
le(V)>.minus(key: 
TypeVariable(K)): 
Map<TypeVariable(K), 
TypeVariable(V)> defined 
in kotlin.collections
                           
                           
 public operator fun <K, 
V> Map<out 
TypeVariable(K), TypeVariab
le(V)>.minus(keys: 
Array<out 
TypeVariable(K)>): 
Map<TypeVariable(K), 
TypeVariable(V)> defined 
in kotlin.collections
                           
                           
 public operator fun <K, 
V> Map<out 
TypeVariable(K), TypeVariab
le(V)>.minus(keys: Iterable
<TypeVariable(K)>): 
Map<TypeVariable(K), 
TypeVariable(V)> defined 
in kotlin.collections
                           
                           
 public operator fun <K, 
V> Map<out 
TypeVariable(K), TypeVariab
le(V)>.minus(keys: Sequence
<TypeVariable(K)>): 
Map<TypeVariable(K), 
TypeVariable(V)> defined 
in kotlin.collections
                           
                           
 public operator fun <T> Se
t<TypeVariable(T)>.minus(el
ement: TypeVariable(T)): 
Set<TypeVariable(T)> 
defined in 
kotlin.collections
                           
                           
 public operator fun <T> Se
t<TypeVariable(T)>.minus(el
ements: Array<out 
TypeVariable(T)>): 
Set<TypeVariable(T)> 
defined in 
kotlin.collections
                           
                           
 public operator fun <T> Se
t<TypeVariable(T)>.minus(el
ements: Iterable<TypeVariab
le(T)>): 
Set<TypeVariable(T)> 
defined in 
kotlin.collections
                           
                           
 public operator fun <T> Se
t<TypeVariable(T)>.minus(el
ements: Sequence<TypeVariab
le(T)>): 
Set<TypeVariable(T)> 
defined in 
kotlin.collections
                           
                           
 public operator fun <T> Se
quence<TypeVariable(T)>.min
us(element: 
TypeVariable(T)): 
Sequence<TypeVariable(T)> 
defined in kotlin.sequences
                           
                           
 public operator fun <T> Se
quence<TypeVariable(T)>.min
us(elements: Array<out 
TypeVariable(T)>): 
Sequence<TypeVariable(T)> 
defined in kotlin.sequences
                           
                           
 public operator fun <T> Se
quence<TypeVariable(T)>.min
us(elements: Iterable<TypeV
ariable(T)>): 
Sequence<TypeVariable(T)> 
defined in kotlin.sequences
                           
                           
 public operator fun <T> Se
quence<TypeVariable(T)>.min
us(elements: Sequence<TypeV
ariable(T)>): 
Sequence<TypeVariable(T)> 
defined in kotlin.sequences

  Line 49:     implementati
on(platform(libs.compose-bo
m))
                           
                         ^ 
Unresolved reference: bom

  Line 69:     implementati
on(libs.google.api.drive)
                           
        ^ Unresolved 
reference: google

  Line 70:     implementati
on(libs.google.api.client.a
ndroid)
                           
        ^ Unresolved 
reference: google

  Line 71:     implementati
on(libs.google.http.client.
gson)
                           
        ^ Unresolved 
reference: google

  Line 74:     implementati
on(libs.poi.ooxml)
                           
        ^ Unresolved 
reference: poi

  Line 77:     implementati
on(libs.kotlinx.serializati
on.json)
                           
        ^ Unresolved 
reference: kotlinx

9 errors

* Try:
> Run with --stacktrace 
option to get the stack 
trace.
> Run with --info or 
--debug option to get more 
log output.
> Run with --scan to get 
full insights.
> Get more help at 
https://help.gradle.org.

BUILD FAILED in 14s
